// Jest Snapshot v1, https://goo.gl/fbAQLP

exports[`getMovies Saga should call the movieLoadingError action if the response errors 1`] = `
Object {
  "@@redux-saga/IO": true,
  "SELECT": Object {
    "args": Array [],
    "selector": [Function],
  },
}
`;

exports[`getMovies Saga should call the movieLoadingError action if the response errors 2`] = `
Object {
  "@@redux-saga/IO": true,
  "CALL": Object {
    "args": Array [
      "http://localhost:3003/api/search?keyword=Blade Runner",
    ],
    "context": null,
    "fn": [Function],
  },
}
`;
